
Memory Configuration

Name             Origin             Length             Attributes
*default*        0x0000000000000000 0xffffffffffffffff

Linker script and memory map

                0x0000000000000000                . = 0x0

.text           0x0000000000000000      0x10c
 *(vector_start)
 *(.text .rodata)
 .text          0x0000000000000000       0xd0 build/Entry.os
                0x0000000000000000                vector_start
                0x000000000000003c                vector_end
 .text          0x00000000000000d0       0x3c build/Main.o
                0x00000000000000d0                main

.glue_7         0x000000000000010c        0x0
 .glue_7        0x000000000000010c        0x0 linker stubs

.glue_7t        0x000000000000010c        0x0
 .glue_7t       0x000000000000010c        0x0 linker stubs

.vfp11_veneer   0x000000000000010c        0x0
 .vfp11_veneer  0x000000000000010c        0x0 linker stubs

.v4_bx          0x000000000000010c        0x0
 .v4_bx         0x000000000000010c        0x0 linker stubs

.iplt           0x000000000000010c        0x0
 .iplt          0x000000000000010c        0x0 build/Entry.os

.rel.dyn        0x000000000000010c        0x0
 .rel.iplt      0x000000000000010c        0x0 build/Entry.os

.data           0x000000000000010c        0x0
 *(.data)
 .data          0x000000000000010c        0x0 build/Entry.os
 .data          0x000000000000010c        0x0 build/Main.o

.igot.plt       0x000000000000010c        0x0
 .igot.plt      0x000000000000010c        0x0 build/Entry.os

.bss            0x000000000000010c        0x0
 *(.bss)
 .bss           0x000000000000010c        0x0 build/Entry.os
 .bss           0x000000000000010c        0x0 build/Main.o
LOAD build/Entry.os
LOAD build/Main.o
OUTPUT(build/navilos.axf elf32-littlearm)
LOAD linker stubs

.ARM.attributes
                0x0000000000000000       0x2b
 .ARM.attributes
                0x0000000000000000       0x1d build/Entry.os
 .ARM.attributes
                0x000000000000001d       0x2f build/Main.o

.comment        0x0000000000000000       0x33
 .comment       0x0000000000000000       0x33 build/Main.o
                                         0x34 (size before relaxing)

.debug_line     0x0000000000000000       0xe9
 .debug_line    0x0000000000000000       0x6c build/Entry.os
 .debug_line    0x000000000000006c       0x7d build/Main.o

.debug_info     0x0000000000000000       0xfd
 .debug_info    0x0000000000000000       0x26 build/Entry.os
 .debug_info    0x0000000000000026       0xd7 build/Main.o

.debug_abbrev   0x0000000000000000       0xa7
 .debug_abbrev  0x0000000000000000       0x14 build/Entry.os
 .debug_abbrev  0x0000000000000014       0x93 build/Main.o

.debug_aranges  0x0000000000000000       0x40
 .debug_aranges
                0x0000000000000000       0x20 build/Entry.os
 .debug_aranges
                0x0000000000000020       0x20 build/Main.o

.debug_str      0x0000000000000000      0x113
 .debug_str     0x0000000000000000       0x3b build/Entry.os
 .debug_str     0x000000000000003b       0xd8 build/Main.o
                                        0x138 (size before relaxing)

.debug_frame    0x0000000000000000       0x30
 .debug_frame   0x0000000000000000       0x30 build/Main.o
